// Jest Snapshot v1, https://goo.gl/fbAQLP

exports[`<Pokemon/> matches the snapshot 1`] = `
<li
  className="pokemons__item"
>
  <button
    className="pokemons__sprite"
    style={
      Object {
        "backgroundImage": "url(https://raw.githubusercontent.com/PokeAPI/sprites/master/sprites/pokemon/undefined.png)",
      }
    }
    type="button"
  />
  <p
    className="pokemons__name"
  >
    bulbasaur
  </p>
</li>
`;
